ÄÄÄÄÄÄÄÄÄÄÄÄÄÄÄÄÄÄÄÄÄÄÄÄÄÄÄÄÄÄÄÄÄÄÄÄÄÄÄÄÄÄÄÄÄÄÄÄÄÄÄÄÄÄÄÄÄÄÄÄÄÄÄÄÄÄÄÄÄÄÄÄÄÄÄÄÄÄÄ
General PUBLIC user Mail
ÄÄÄÄÄÄÄÄÄÄÄÄÄÄÄÄÄÄÄÄÄÄÄÄÄÄÄÄÄÄÄÄÄÄÄÄÄÄÄÄÄÄÄÄÄÄÄÄÄÄÄÄÄÄÄÄÄÄÄÄÄÄÄÄÄÄÄÄÄÄÄÄÄÄÄÄÄÄÄ

     To: All                              Msg. # 1
   From: Jonathan Rapoport                December 10th 1988
Subject: Messages                         6:47.25 P.M.

Hello, I have made it possible now for a user to recieve messages.  All these
messages will be PUBLIC User mail, as everyone can see them.  However, with
this version of MiniBBS, only on local mode can a person enter a message.

Hope you like it!

ÄÄÄÄÄÄÄÄÄÄÄÄÄÄÄÄÄÄÄÄÄÄÄÄÄÄÄÄÄÄÄÄÄÄÄÄÄÄÄÄÄÄÄÄÄÄÄÄÄÄÄÄÄÄÄÄÄÄÄÄÄÄÄÄÄÄÄÄÄÄÄÄÄÄÄÄÄÄ

     To: ALL                              Msg # 2
   From: Jonathan Rapoport                December 19th 1988
Subject: Local commands                   12:21.31 A.M.

Hi, I have created an excellant new way for sysop local commands.  Therefore,
you don't see them on your screan any more.  They are only seen on LOCAL MODE.

This way, I don't have to enter my password to operate them.  All I have to
do is press a key, ie. F1, to chat instantly with a user, so I don't need
to press Y, then space bar.  It's really good now, and has a real neat look
to it.

Get your copy of it today, rember, it is a very small file, but it works
wonders.

Se Ya

ÄÄÄÄÄÄÄÄÄÄÄÄÄÄÄÄÄÄÄÄÄÄÄÄÄÄÄÄÄÄÄÄÄÄÄÄÄÄÄÄÄÄÄÄÄÄÄÄÄÄÄÄÄÄÄÄÄÄÄÄÄÄÄÄÄÄÄÄÄÄÄÄÄÄÄÄÄÄÄ

     To: ALL                              Msg # 3
   From: Jonathan Rapoport                December 24th 1988
Subject: Echo Mail areas                  12:49.32 P.M.

Hello, there is now two BBS'es than carry the MiniBBS echo mail area, they are
Foxwood, (416)831-9180, and /\/\ore Toronto, (416)293-5786.

If you have any questions, comments, or complaints, leave then in the MiniBBS
echo area, or a private area, to Jonathan Rapoport, the creator of MiniBBS.
thank's

ÄÄÄÄÄÄÄÄÄÄÄÄÄÄÄÄÄÄÄÄÄÄÄÄÄÄÄÄÄÄÄÄÄÄÄÄÄÄÄÄÄÄÄÄÄÄÄÄÄÄÄÄÄÄÄÄÄÄÄÄÄÄÄÄÄÄÄÄÄÄÄÄÄÄÄÄÄÄÄ

(End of Messages)
