[40m[2J[0;1mÚÄÄÄÄÄÄÄÄÄÄÄÄÄÄÄÄÄÄÂÄÄÄÄÄÄÄÄÄÄÄÄÄÄÄÄÄÄÄÄÄÄÄÄÄÄÂÄÄÄÄÄÄÄÄÄÄÄÄÄÄÄÄÄÄÄÄÄ¿[2;1H³[18C³    [33mS Y S O P  M E N U    [37m³[5C[36mXHost 1.11[6C[37m³[3;1HÃÄÄÄÄÄÄÄÄÄÄÄÄÄÄÄÄÄÄÁÄÄÄÄÄÄÄÄÄÄÄÄÄÄÄÄÄÄÄÄÄÄÄÄÄÄÁÄÄÄÄÄÄÄÄÄÄÄÄÄÄÄÄÄÄÄÄÄ´[4;1HÃÄÄÄÄÄ[s
[u[32mElsewhere[37mÄÄÄÄÄÂÂÄÄÄÄ[32mControl Center[37mÄÄÄÄÂÂÄÄÄÄÄÄ[32mUtilities[37mÄÄÄÄÄÄÄ´[5;1H³[19C³³[22C³³[22C³[6;1H³   [35mQ [0muit to Main   [1m³³  [35mD [0mOS Command/Shell  [1m³³   [35mX [0mpert On/Off[6C[1m³[7;1H³   [35mG [s
[u[0moodbye[8C[1m³³  [35mS [0mhut Down XHost    [1m³³   [35mA [0mNSI  On/Off[6C[1m³[8;1H³    [0m(or return to  [1m³³  [35mR [0mead Usage Log[5C[1m³³   [35mY [0mell for Help(!)  [1m³[9;1H³    [0mstatus screen) [1m³³  [35mF [0mA[s
[udd Files to List [1m³³   [35m? [0mThis Menu[8C[1m³[10;1H³[19C³³  [35mM [0move Files[9C[1m³³[22C³[11;1H³[19C³³  [35mL [0mist conferences   [1m³³[22C³[12;1H³[19C³³ [0m([1;35m#[0m) Join conference  [1m³³[22C³[13;1HÀÄÄÄÄÄÄÄÄÄÄÄ[s
[uÄÄÄÄÄÄÄÄÁÁÄÄÄÄÄÄÄÄÄÄÄÄÄÄÄÄÄÄÄÄÄÄÁÁÄÄÄÄÄÄÄÄÄÄÄÄÄÄÄÄÄÄÄÄÄÄÙ[14;1H
