[40m[2J[0;1mÚÄÄÄÄÄÄÄÄÄÄÄÄÄÄÄÄÄÄÂÄÄÄÄÄÄÄÄÄÄÄÄÄÄÄÄÄÄÄÄÄÄÄÄÄÄÂÄÄÄÄÄÄÄÄÄÄÄÄÄÄÄÄÄÄÄÄÄ¿[2;1H³    [0;1;36m              [0;1m³[5C[0;1;33mM A I N  M E N U[5C[0;1m³[5C[0;1;36mXHost 1.11[6C[0;1m³[3;1HÃÄÄÄÄÄÄÄÄÄÄÄÄÄÄÄÄÄÄÁÄÄÄÄÄÄÄÄÄÄÄÄÄÄÄÄÄÄÄÄÄÄÄÄÄÄÁ[s
[uÄÄÄÄÄÄÄÄÄÄÄÄÄÄÄÄÄÄÄÄÄ´[4;1HÃÄÄÄÄÄ[0;1;32mElsewhere[0;1mÄÄÄÄÄÂÂÄÄÄÄ[0;1;32mMessage Center[0;1mÄÄÄÄÂÂÄÄÄÄÄÄ[0;1;32mUtilities[0;1mÄÄÄÄÄÄÄ´[5;1H³[19C³³[22C³³[22C³[6;1H³   [0;1;35mT [0mext Files[5C[0;1m³³  [0;1;35mR [0mead Messages[6C[s
[u[0;1m³³   [0;1;35mX [0mpert On/Off[6C[0;1m³[7;1H³   [0;1;35mF [0miles Menu[5C[0;1m³³  [0;1;35mS [0mcan Conferences   [0;1m³³   [0;1;35mA [0mNSI  On/Off[6C[0;1m³[8;1H³   [0;1;35mD [0moors[10C[0;1m³³  [0;1;35mW [0mrite a Messag[s
[ue    [0;1m³³   [0;1;35mI [0mnfo & Setup[6C[0;1m³[9;1H³   [0;1;35mG [0moodbye[8C[0;1m³³  [0;1;35mL [0mist Conferences   [0;1m³³   [0;1;35mY [0mell for Help[5C[0;1m³[10;1H³[19C³³ [0m([0;1;35m#[0m) Join Conf #[6C[0;1m³³   [s
[u[0;1;35m? [0mThis Menu[8C[0;1m³[11;1HÀÄÄÄÄÄÄÄÄÄÄÄÄÄÄÄÄÄÄÄÁÁÄÄÄÄÄÄÄÄÄÄÄÄÄÄÄÄÄÄÄÄÄÄÁÁÄÄÄÄÄÄÄÄÄÄÄÄÄÄÄÄÄÄÄÄÄÄÙ[12;1H
