
 Start  Stop   Length Name               Class

 00000H 05B29H 05B2AH _TEXT              CODE
 05B2AH 06040H 00517H FILE2_TEXT         CODE
 06041H 08B7EH 02B3EH RENDREP_TEXT       CODE
 08B7FH 08F1FH 003A1H INTTRIG_TEXT       CODE
 08F20H 0A18FH 01270H MATRIX_TEXT        CODE
 0A190H 0A98BH 007FCH INTMATHX_TEXT      CODE
 0A98CH 0AE67H 004DCH MATHINIT_TEXT      CODE
 0AE68H 0D030H 021C9H 3DSUPP_TEXT        CODE
 0D031H 0D65AH 0062AH JOYSTICK_TEXT      CODE
 0D65BH 0D919H 002BFH MOUSEPTR_TEXT      CODE
 0D91AH 0E03FH 00726H USERINT_TEXT       CODE
 0E040H 0EA36H 009F7H CURSORS_TEXT       CODE
 0EA37H 0ED6DH 00337H TIMER_TEXT         CODE
 0ED6EH 0F1B2H 00445H GLOVEPTR_TEXT      CODE
 0F1B3H 0FB27H 00975H SGSPPT_TEXT        CODE
 0FB28H 0FC66H 0013FH GLOVDELH_TEXT      CODE
 0FC67H 106D6H 00A70H HDMANIP_TEXT       CODE
 106D7H 1500AH 04934H KEYBOARD_TEXT      CODE
 1500BH 153B8H 003AEH DEMOTASK_TEXT      CODE
 153B9H 17F1DH 02B65H STATMACH_TEXT      CODE
 17F1EH 18468H 0054BH STEREOV_TEXT       CODE
 18469H 1D0B8H 04C50H WPARSE_TEXT        CODE
 1D0B9H 1D142H 0008AH TITLE_TEXT         CODE
 1D143H 1EB4EH 01A0CH REND386_TEXT       CODE
 1EB4FH 1F382H 00834H PLG_TEXT           CODE
 1F383H 2005CH 00CDAH POINTER_TEXT       CODE
 2005DH 217FBH 0179FH RENDER_TEXT        CODE
 217FCH 220B0H 008B5H SEGIO_TEXT         CODE
 220B1H 22BB3H 00B03H SEGMENT_TEXT       CODE
 22BB4H 22C9BH 000E8H INTSPLIT_TEXT      CODE
 22C9CH 23B93H 00EF8H SPLITS_TEXT        CODE
 23B94H 23DB2H 0021FH TASKS_TEXT         CODE
 23DB3H 2432FH 0057DH COLORMAP_TEXT      CODE
 24330H 24755H 00426H PCXMODEY_TEXT      CODE
 24756H 24880H 0012BH VDRINTE_TEXT       CODE
 24881H 24BBBH 0033BH HPOTPTR_TEXT       CODE
 24BBCH 2563FH 00A84H LOGIPTR_TEXT       CODE
 25640H 2574CH 0010DH DRVLOAD_TEXT       CODE
 25750H 27EC6H 02777H EMU_PROG           CODE
 27ED0H 28497H 005C8H E87_PROG           CODE
 284A0H 284A0H 00000H _FARDATA           FAR_DATA
 284A0H 284A0H 00000H _FARBSS            FAR_BSS
 284A0H 284A0H 00000H _OVERLAY_          OVRINFO
 284A0H 284A0H 00000H _1STUB_            STUBSEG
 284A0H 2C3C3H 03F24H _DATA              DATA
 2C3C4H 2C3C7H 00004H _CVTSEG            DATA
 2C3C8H 2C3D3H 0000CH _SCNSEG            DATA
 2C3D4H 2C3D4H 00000H _CONST             CONST
 2C3D4H 2C3F7H 00024H _INIT_             INITDATA
 2C3F8H 2C3F8H 00000H _INITEND_          INITDATA
 2C3F8H 2C3FDH 00006H _EXIT_             EXITDATA
 2C3FEH 2C3FEH 00000H _EXITEND_          EXITDATA
 2C3FEH 37A01H 0B604H _BSS               BSS
 37A02H 37A02H 00000H _BSSEND            BSSEND
 37A10H 37B1FH 00110H _STACK             STACK

Program entry point at 0000:0000

