[40m[2J[1C[0;1mÚÄÄÄÄÄÄÄÄÄÄÄÄÄÄÄÄÄÄÂÄÄÄÄÄÄÄÄÄÄÄÄÄÄÄÄÄÄÄÄÄÄÄÄÄÄÂÄÄÄÄÄÄÄÄÄÄÄÄÄÄÄÄÄÄÄÄÄ¿[2;1H ³    [0;1;36m              [0;1m³[5C[0;1;33mF I L E  M E N U[5C[0;1m³[6C[0;1;36mXHost 1.11[5C[0;1m³[3;1H ÃÄÄÄÄÄÄÄÄÄÄÄÄÄÄÄÄÄÄÁÄÄÄÄÄÄÄÄÄÄÄÄÄÄÄÄÄÄÄÄÄ[s
[uÄÄÄÄÄÁÄÄÄÄÄÄÄÄÄÄÄÄÄÄÄÄÄÄÄÄÄ´[4;1H ÃÄÄÄÄÄ[0;1;32mElsewhere[0;1mÄÄÄÄÄÂÂÄÄ[0;1;32mGeneral Commmands[0;1mÄÄÄÂÂÄÄÄÄÄÄ[0;1;32mUtilities[0;1mÄÄÄÄÄÄÄ´[5;1H ³[19C³³[22C³³[22C³[6;1H ³   [0;1;35mQ [0muit to Main   [0;1m³³   [0;1;35mU [0mpload [s
[uFiles[6C[0;1m³³   [0;1;35mX [0mpert On/Off[6C[0;1m³[7;1H ³   [0;1;35mT [0mext Files[5C[0;1m³³   [0;1;35mD [0mownload Files    [0;1m³³   [0;1;35mA [0mNSI  On/Off[6C[0;1m³[8;1H ³   [0;1;35mG [0moodbye[8C[0;1m³³ [0m([0;1;35m#[s
[u[0m) List Files in #  [0;1m³³   [0;1;35mY [0mell for Help[5C[0;1m³[9;1H ³[19C³³   [0;1;35mR [0maw Dir List[6C[0;1m³³[22C³[10;1H ³[19C³³   [0;1;35mS [0mcan for a string [0;1m³³[22C³[11;1H ³[19C³³   [0;1;35mV [0miew Archive[6C[s
[u[0;1m³³[22C³[12;1H ÀÄÄÄÄÄÄÄÄÄÄÄÄÄÄÄÄÄÄÄÁÁÄÄÄÄÄÄÄÄÄÄÄÄÄÄÄÄÄÄÄÄÄÄÁÁÄÄÄÄÄÄÄÄÄÄÄÄÄÄÄÄÄÄÄÄÄÄÙ[13;1H
