[40m[2J[0;1mзддддддддддддддддддбдддддддддддддддддддддддддбддддддддддддддддддддд©[2;1HЁ[18CЁ [0;1;33mA R C H I V E   M E N U [0;1mЁ[5C[0;1;36mXHost 1.11[6C[0;1mЁ[3;1Hцддддддддддддддддддадддддддддддддддддддддддддаддддддддддддддддддддд╢[4;1Hц[s
[uддддд[0;1;32mElsewhere[0;1mдддддббдд[0;1;32mGeneral Commmands[0;1mдддббдддддд[0;1;32mUtilities[0;1mдддддд╢[5;1HЁ[19CЁЁ[22CЁЁ[21CЁ[6;1HЁ   [0;1;35mQ [0muit to Files  [0;1mЁЁ   [0;1;35mE [0mxtract[11C[0;1mЁЁ   [0;1;35m? [0mShow thi[s
[us menu  [0;1mЁ[7;1HЁ   [0;1;35mG [0moodbye[8C[0;1mЁЁ   [0;1;35mT [0mype File[9C[0;1mЁЁ   [0;1;35mY [0mell for Help    [0;1mЁ[8;1HЁ[19CЁЁ   [0;1;35mL [0mist Files[8C[0;1mЁЁ[21CЁ[9;1HЁ[19CЁЁ   [0;1;35mD [0melete in EXTRACT [s
[u[0;1mЁЁ[21CЁ[10;1HЁ[19CЁЁ   [0;1;35mK [0mill EXTRACT[6C[0;1mЁЁ[21CЁ[11;1HЁ[19CЁЁ   [0;1;35mC [0montent of EXTRACT[0;1mЁЁ[21CЁ[12;1Hюдддддддддддддддддддааддддддддддддддддддддддааддддддддддддддддддддды[13;1H[18Cзддддддддддддддддддддд[s
[uддддддд©[14;1H[18CЁ   [0;1;35mS [0melect Archive first!   [0;1mЁ[15;1H[18Cюдддддддддддддддддддддддддддды[16;1H
